// Jest Snapshot v1, https://goo.gl/fbAQLP

exports[`GistList Component should match snapshot when filteredGists has data 1`] = `
<DocumentFragment>
  <div>
    <div
      class="gist"
    >
      <div
        class="gist-header"
      >
        <div
          class="user-info"
        >
          <img
            alt="user1"
            class="user-avatar"
          />
          <h2>
            user1
          </h2>
        </div>
        <div
          class="user-details"
        >
          <div
            class="gist-links"
          >
            <a
              rel="noreferrer"
              target="_blank"
            >
              <span
                class="octicon octicon-file"
              />
                Files
            </a>
            <a
              rel="noreferrer"
              target="_blank"
            >
              <span
                class="octicon octicon-repo-forked"
              />
                Forks
            </a>
            <a
              rel="noreferrer"
              target="_blank"
            >
              <span
                class="octicon octicon-comment"
              />
                Comments
            </a>
            <a
              rel="noreferrer"
              target="_blank"
            >
              <span
                class="octicon octicon-star"
              />
                Stars
            </a>
          </div>
        </div>
      </div>
      <div
        class="gist-meta"
      >
        <p>
          Created at: Invalid Date
        </p>
        <p
          style="margin-left: 20px; color: rgba(0, 0, 0, 0.3);"
        >
          |
        </p>
        <p
          style="margin-left: 20px;"
        >
          Last updated: Invalid Date
        </p>
      </div>
      <div
        class="gist-heading"
      >
        <p>
          Generated by: user1
        </p>
      </div>
      <div
        class="gist-files"
      >
        <p>
          Files:
        </p>
        <ul />
      </div>
    </div>
    <div
      class="gist"
    >
      <div
        class="gist-header"
      >
        <div
          class="user-info"
        >
          <img
            alt="user2"
            class="user-avatar"
          />
          <h2>
            user2
          </h2>
        </div>
        <div
          class="user-details"
        >
          <div
            class="gist-links"
          >
            <a
              rel="noreferrer"
              target="_blank"
            >
              <span
                class="octicon octicon-file"
              />
                Files
            </a>
            <a
              rel="noreferrer"
              target="_blank"
            >
              <span
                class="octicon octicon-repo-forked"
              />
                Forks
            </a>
            <a
              rel="noreferrer"
              target="_blank"
            >
              <span
                class="octicon octicon-comment"
              />
                Comments
            </a>
            <a
              rel="noreferrer"
              target="_blank"
            >
              <span
                class="octicon octicon-star"
              />
                Stars
            </a>
          </div>
        </div>
      </div>
      <div
        class="gist-meta"
      >
        <p>
          Created at: Invalid Date
        </p>
        <p
          style="margin-left: 20px; color: rgba(0, 0, 0, 0.3);"
        >
          |
        </p>
        <p
          style="margin-left: 20px;"
        >
          Last updated: Invalid Date
        </p>
      </div>
      <div
        class="gist-heading"
      >
        <p>
          Generated by: user2
        </p>
      </div>
      <div
        class="gist-files"
      >
        <p>
          Files:
        </p>
        <ul />
      </div>
    </div>
  </div>
</DocumentFragment>
`;
